#-----------------------------------------------------------
# Vivado v2021.2 (64-bit)
# SW Build 3367213 on Tue Oct 19 02:48:09 MDT 2021
# IP Build 3369179 on Thu Oct 21 08:25:16 MDT 2021
# Start of session at: Thu Mar 10 14:47:35 2022
# Process ID: 6212
# Current directory: C:/Users/DELL/Desktop/SUTD/Term 4/Com Struc/1D Project/50002-1D-ALU/work/vivado/50002-1D-ALU/50002-1D-ALU.runs/synth_1
# Command line: vivado.exe -log au_top_0.vds -product Vivado -mode batch -messageDb vivado.pb -notrace -source au_top_0.tcl
# Log file: C:/Users/DELL/Desktop/SUTD/Term 4/Com Struc/1D Project/50002-1D-ALU/work/vivado/50002-1D-ALU/50002-1D-ALU.runs/synth_1/au_top_0.vds
# Journal file: C:/Users/DELL/Desktop/SUTD/Term 4/Com Struc/1D Project/50002-1D-ALU/work/vivado/50002-1D-ALU/50002-1D-ALU.runs/synth_1\vivado.jou
# Running On: DESKTOP-5OMDF2D, OS: Windows, CPU Frequency: 1498 MHz, CPU Physical cores: 4, Host memory: 16938 MB
#-----------------------------------------------------------
source au_top_0.tcl -notrace
